
> frontend@0.0.0 build
> vite build

[36mvite v8.0.8 [32mbuilding client environment for production...[36m[39m
[2K
transforming...Γ£ô 2754 modules transformed.
node.exe : [31mΓ£ù[39m Build failed in 541ms
At line:1 char:1
+ & "C:\Program Files\nodejs/node.exe" "C:\Program Files\nodejs/node_mo ...
+ ~~~~~~~~~~~~~~~~~~~~~~~~~~~~~~~~~~~~~~~~~~~~~~~~~~~~~~~~~~~~~~~~~~~~~
    + CategoryInfo          : NotSpecified: ([31mΓ£ù[39m Build failed in 541ms:String) [], RemoteException
    + FullyQualifiedErrorId : NativeCommandError
 
[31merror during build:
[31mBuild failed with 3 errors:

[31m[builtin:vite-transform] Error:[0m Unterminated regular expression
     [38;5;246mΓò¡[0m[38;5;246mΓöÇ[0m[38;5;246m[[0m src/pages/Dashboard.jsx:172:26 [38;5;246m][0m
     [38;5;246mΓöé[0m
 [38;5;246m172 Γöé[0m [38;5;249m [0m[38;5;249m [0m[38;5;249m [0m[38;5;249m [0m[38;5;249m [0m[38;5;249m 
[0m[38;5;249m [0m[38;5;249m [0m[38;5;249m [0m[38;5;249m [0m[38;5;249m [0m[38;5;249m [0m[38;5;249m 
[0m[38;5;249m [0m[38;5;249m [0m[38;5;249m [0m[38;5;249m [0m[38;5;249m [0m[38;5;249m [0m[38;5;249m 
[0m[38;5;249m [0m[38;5;249m [0m[38;5;249m [0m[38;5;249m [0m[38;5;249m<[0m/td>
 [38;5;240m    Γöé[0m                          ΓöÇΓöÇΓö¼ΓöÇΓöÇ  
 [38;5;240m    Γöé[0m                            Γò░ΓöÇΓöÇΓöÇΓöÇ 
[38;5;246mΓöÇΓöÇΓöÇΓöÇΓöÇΓò»[0m

[31m[builtin:vite-transform] Error:[0m Expected corresponding JSX closing tag for 'td'.
     [38;5;246mΓò¡[0m[38;5;246mΓöÇ[0m[38;5;246m[[0m src/pages/Dashboard.jsx:170:33 [38;5;246m][0m
     [38;5;246mΓöé[0m
 [38;5;246m169 Γöé[0m [38;5;249m [0m[38;5;249m [0m[38;5;249m [0m[38;5;249m [0m[38;5;249m [0m[38;5;249m 
[0m[38;5;249m [0m[38;5;249m [0m[38;5;249m [0m[38;5;249m [0m[38;5;249m [0m[38;5;249m [0m[38;5;249m 
[0m[38;5;249m [0m[38;5;249m [0m[38;5;249m [0m[38;5;249m [0m[38;5;249m [0m[38;5;249m [0m[38;5;249m 
[0m[38;5;249m [0m[38;5;249m [0m[38;5;249m [0m[38;5;249m [0m[38;5;249m<[0mtd[38;5;249m [0m[38;5;249mc[0m
[38;5;249ml[0m[38;5;249ma[0m[38;5;249ms[0m[38;5;249ms[0m[38;5;249mN[0m[38;5;249ma[0m[38;5;249mm[0m[38;5;2
49me[0m[38;5;249m=[0m[38;5;249m"[0m[38;5;249mp[0m[38;5;249mx[0m[38;5;249m-[0m[38;5;249m6[0m[38;5;249m 
[0m[38;5;249mp[0m[38;5;249my[0m[38;5;249m-[0m[38;5;249m6[0m[38;5;249m [0m[38;5;249mt[0m[38;5;249me[0m[3
8;5;249mx[0m[38;5;249mt[0m[38;5;249m-[0m[38;5;249mr[0m[38;5;249mi[0m[38;5;249mg[0m[38;5;249mh[0m[38;5;249
mt[0m[38;5;249m"[0m[38;5;249m>[0m
 [38;5;240m    Γöé[0m                          ΓöÇΓö¼  
 [38;5;240m    Γöé[0m                           Γò░ΓöÇΓöÇ Opened here
 [38;5;246m170 Γöé[0m [38;5;249m [0m[38;5;249m [0m[38;5;249m [0m[38;5;249m [0m[38;5;249m [0m[38;5;249m 
[0m[38;5;249m [0m[38;5;249m [0m[38;5;249m [0m[38;5;249m [0m[38;5;249m [0m[38;5;249m [0m[38;5;249m 
[0m[38;5;249m [0m[38;5;249m [0m[38;5;249m [0m[38;5;249m [0m[38;5;249m [0m[38;5;249m [0m[38;5;249m 
[0m[38;5;249m [0m[38;5;249m [0m[38;5;249m [0m[38;5;249m [0m[38;5;249m [0m[38;5;249m [0m[38;5;249m 
[0m[38;5;249m [0m[38;5;249m [0m[38;5;249m [0m[38;5;249m<[0m[38;5;249m/[0mdiv[38;5;249m>[0m
 [38;5;240m    Γöé[0m                                 ΓöÇΓö¼ΓöÇ  
 [38;5;240m    Γöé[0m                                  Γò░ΓöÇΓöÇΓöÇ Expected `</td>`
[38;5;246mΓöÇΓöÇΓöÇΓöÇΓöÇΓò»[0m

[31m[builtin:vite-transform] Error:[0m Expected corresponding JSX closing tag for 'motion.tr'.
     [38;5;246mΓò¡[0m[38;5;246mΓöÇ[0m[38;5;246m[[0m src/pages/Dashboard.jsx:171:30 [38;5;246m][0m
     [38;5;246mΓöé[0m
 [38;5;246m134 Γöé[0m [38;5;249m [0m[38;5;249m [0m[38;5;249m [0m[38;5;249m [0m[38;5;249m [0m[38;5;249m 
[0m[38;5;249m [0m[38;5;249m [0m[38;5;249m [0m[38;5;249m [0m[38;5;249m [0m[38;5;249m [0m[38;5;249m 
[0m[38;5;249m [0m[38;5;249m [0m[38;5;249m [0m[38;5;249m [0m[38;5;249m [0m[38;5;249m [0m[38;5;249m 
[0m[38;5;249m [0m[38;5;249m [0m[38;5;249m<[0mmotion.tr
 [38;5;240m    Γöé[0m                        ΓöÇΓöÇΓöÇΓöÇΓö¼ΓöÇΓöÇΓöÇΓöÇ  
 [38;5;240m    Γöé[0m                            Γò░ΓöÇΓöÇΓöÇΓöÇΓöÇΓöÇ Opened here
 [38;5;240m    Γöé[0m 
 [38;5;246m171 Γöé[0m [38;5;249m [0m[38;5;249m [0m[38;5;249m [0m[38;5;249m [0m[38;5;249m [0m[38;5;249m 
[0m[38;5;249m [0m[38;5;249m [0m[38;5;249m [0m[38;5;249m [0m[38;5;249m [0m[38;5;249m [0m[38;5;249m 
[0m[38;5;249m [0m[38;5;249m [0m[38;5;249m [0m[38;5;249m [0m[38;5;249m [0m[38;5;249m [0m[38;5;249m 
[0m[38;5;249m [0m[38;5;249m [0m[38;5;249m [0m[38;5;249m [0m[38;5;249m [0m[38;5;249m [0m[38;5;249m 
[0m[38;5;249m<[0m[38;5;249m/[0mdiv[38;5;249m>[0m
 [38;5;240m    Γöé[0m                              ΓöÇΓö¼ΓöÇ  
 [38;5;240m    Γöé[0m                               Γò░ΓöÇΓöÇΓöÇ Expected `</motion.tr>`
[38;5;246mΓöÇΓöÇΓöÇΓöÇΓöÇΓò»[0m
[31m
    at aggregateBindingErrorsIntoJsError (file:///C:/Users/srina/OneDrive/Desktop/SentinelLogistics/sentinel-logistics/
frontend/node_modules/rolldown/dist/shared/error-w0u7biK-.mjs:48:18)
    at unwrapBindingResult (file:///C:/Users/srina/OneDrive/Desktop/SentinelLogistics/sentinel-logistics/frontend/node_
modules/rolldown/dist/shared/error-w0u7biK-.mjs:18:128)
    at #build (file:///C:/Users/srina/OneDrive/Desktop/SentinelLogistics/sentinel-logistics/frontend/node_modules/rolld
own/dist/shared/rolldown-build-DtGk-m96.mjs:3313:34)
    at async buildEnvironment (file:///C:/Users/srina/OneDrive/Desktop/SentinelLogistics/sentinel-logistics/frontend/no
de_modules/vite/dist/node/chunks/node.js:32954:64)
    at async Object.build (file:///C:/Users/srina/OneDrive/Desktop/SentinelLogistics/sentinel-logistics/frontend/node_m
odules/vite/dist/node/chunks/node.js:33376:19)
    at async Object.buildApp (file:///C:/Users/srina/OneDrive/Desktop/SentinelLogistics/sentinel-logistics/frontend/nod
e_modules/vite/dist/node/chunks/node.js:33373:153)
    at async CAC.<anonymous> (file:///C:/Users/srina/OneDrive/Desktop/SentinelLogistics/sentinel-logistics/frontend/nod
e_modules/vite/dist/node/cli.js:778:3) {
  errors: [Getter/Setter]
}[39m
